[some.co.kr/analysis/social/mention.html]
[static.some.co.kr/sometrend/images/imagewrap/favicon/homIcon_114_114.png]
[static.some.co.kr/sometrend/images/imagewrap/favicon/homIcon_72_72.png]
[backblue.gif]
[fade.gif]
[index.html]
[some.co.kr/renewal_resources/css/style-2086726e17200c248ee06439051f5df7.css]
[some.co.kr/renewal_resources/images/aiLoading/AiLoading.gif]
[some.co.kr/analysis/social/association.html]
[some.co.kr/analysis/social/reputation.html]
[static.some.co.kr/sometrend/common/amchart-4.10.10/core.js]
[static.some.co.kr/sometrend/common/amchart-4.10.10/charts.js]
[static.some.co.kr/sometrend/common/amchart-4.10.10/themes/animated.js]
[static.some.co.kr/sometrend/js/FileSaver/dist/FileSaver.min.js]
[static.some.co.kr/sometrend/js/sheetjs/dist/xlsx.full.min.js]
[some.co.kr/renewal_resources/js/app/runtime.bundle-1565d576f2f27724a3fb3b5ef487ec1e.js]
[some.co.kr/renewal_resources/js/app/vendors.bundle-2956b82281aa949e6b0c6f9c160b9f75.js]
[some.co.kr/analysis/social/mention.html]
[some.co.kr/renewal_resources/js/app/mention.bundle-143aa275927c87c49e793cdec0c10b72.js]
[some.co.kr/resources/images/guide/vr0.2/guideSlider_arrow-c9cea035190edf81f937b8d2d7ed989d.png]
[some.co.kr/renewal_resources/images/icon_startRate-5e941dd2d8a785505de98755b8ff07a8.png]
[some.co.kr/renewal_resources/images/plan/img_plan_user-8c6449ed66c21428e5ae41885ba7e667.png]
[some.co.kr/renewal_resources/images/main/main_visual_deco-122fef4f48d19928dff1a66323549585.png]
[some.co.kr/renewal_resources/images/main/main_menu_deco-8a7d875a219c8612bdf7bbef8c343f3e.png]
[static.some.co.kr/sometrend/images/icon/form/icon_password.png]
[some.co.kr/renewal_resources/images/icon_mypage_sp-ad3c864ca154d9a22067b4a40fe3aca4.png]
[some.co.kr/renewal_resources/images/icon_origin-a514a2af65e7e64c4df98930fa9dfca4.png]
[some.co.kr/renewal_resources/images/mypage_contactCancel-14ba4225cceb7f4459709c6685274106.png]
[some.co.kr/renewal_resources/images/useInfo/visual_img_pc-af8c0084a34bb78abee83ca916962217.jpg]
[some.co.kr/renewal_resources/css/style-2086726e17200c248ee06439051f5df7.css]
[static.some.co.kr/sometrend/js/d3/d3.v3.js]
[some.co.kr/analysis/social/association.html]
[some.co.kr/renewal_resources/js/app/associated.bundle-5037b45d8a97871e9e4a60954f0e6e6c.js]
[static.some.co.kr/sometrend/common/amchart-4.10.10/plugins/wordCloud.js]
[some.co.kr/analysis/social/reputation.html]
[sometrend-res.some.co.kr/images/ui-bg_glass_75_dadada_1x400.html]
[some.co.kr/renewal_resources/images/blank.html]
[some.co.kr/renewal_resources/js/app/reputation.bundle-323a06044853605a89cc3edaaef6a5c8.js]
